// Vitest Snapshot v1, https://vitest.dev/guide/snapshot.html

exports[`schedule engine — DST-crossing fixture (SCH-08, D-17) > tomato indoor-start window crosses March 8 2026 spring-forward without drift 1`] = `
[
  {
    "constraintsApplied": [],
    "edited": false,
    "end": "2026-03-14T12:00:00.000Z",
    "id": "p-tomato:germination-window",
    "plantId": "tomato",
    "plantingId": "p-tomato",
    "start": "2026-03-04T12:00:00.000Z",
    "type": "germination-window",
  },
  {
    "constraintsApplied": [],
    "edited": false,
    "end": "2026-03-04T12:00:00.000Z",
    "id": "p-tomato:indoor-start",
    "plantId": "tomato",
    "plantingId": "p-tomato",
    "start": "2026-03-04T12:00:00.000Z",
    "type": "indoor-start",
  },
  {
    "constraintsApplied": [],
    "edited": false,
    "end": "2026-03-04T12:00:00.000Z",
    "id": "p-tomato:water-seedlings:0",
    "plantId": "tomato",
    "plantingId": "p-tomato",
    "start": "2026-03-04T12:00:00.000Z",
    "type": "water-seedlings",
  },
  {
    "constraintsApplied": [],
    "edited": false,
    "end": "2026-03-07T12:00:00.000Z",
    "id": "p-tomato:water-seedlings:1",
    "plantId": "tomato",
    "plantingId": "p-tomato",
    "start": "2026-03-07T12:00:00.000Z",
    "type": "water-seedlings",
  },
  {
    "constraintsApplied": [],
    "edited": false,
    "end": "2026-03-10T12:00:00.000Z",
    "id": "p-tomato:water-seedlings:2",
    "plantId": "tomato",
    "plantingId": "p-tomato",
    "start": "2026-03-10T12:00:00.000Z",
    "type": "water-seedlings",
  },
  {
    "constraintsApplied": [],
    "edited": false,
    "end": "2026-03-13T12:00:00.000Z",
    "id": "p-tomato:water-seedlings:3",
    "plantId": "tomato",
    "plantingId": "p-tomato",
    "start": "2026-03-13T12:00:00.000Z",
    "type": "water-seedlings",
  },
  {
    "constraintsApplied": [],
    "edited": false,
    "end": "2026-03-16T12:00:00.000Z",
    "id": "p-tomato:water-seedlings:4",
    "plantId": "tomato",
    "plantingId": "p-tomato",
    "start": "2026-03-16T12:00:00.000Z",
    "type": "water-seedlings",
  },
  {
    "constraintsApplied": [],
    "edited": false,
    "end": "2026-03-19T12:00:00.000Z",
    "id": "p-tomato:water-seedlings:5",
    "plantId": "tomato",
    "plantingId": "p-tomato",
    "start": "2026-03-19T12:00:00.000Z",
    "type": "water-seedlings",
  },
  {
    "constraintsApplied": [],
    "edited": false,
    "end": "2026-03-22T12:00:00.000Z",
    "id": "p-tomato:water-seedlings:6",
    "plantId": "tomato",
    "plantingId": "p-tomato",
    "start": "2026-03-22T12:00:00.000Z",
    "type": "water-seedlings",
  },
  {
    "constraintsApplied": [],
    "edited": false,
    "end": "2026-03-25T12:00:00.000Z",
    "id": "p-tomato:water-seedlings:7",
    "plantId": "tomato",
    "plantingId": "p-tomato",
    "start": "2026-03-25T12:00:00.000Z",
    "type": "water-seedlings",
  },
  {
    "constraintsApplied": [],
    "edited": false,
    "end": "2026-03-28T12:00:00.000Z",
    "id": "p-tomato:water-seedlings:8",
    "plantId": "tomato",
    "plantingId": "p-tomato",
    "start": "2026-03-28T12:00:00.000Z",
    "type": "water-seedlings",
  },
  {
    "constraintsApplied": [],
    "edited": false,
    "end": "2026-03-31T12:00:00.000Z",
    "id": "p-tomato:water-seedlings:9",
    "plantId": "tomato",
    "plantingId": "p-tomato",
    "start": "2026-03-31T12:00:00.000Z",
    "type": "water-seedlings",
  },
  {
    "constraintsApplied": [],
    "edited": false,
    "end": "2026-04-03T12:00:00.000Z",
    "id": "p-tomato:water-seedlings:10",
    "plantId": "tomato",
    "plantingId": "p-tomato",
    "start": "2026-04-03T12:00:00.000Z",
    "type": "water-seedlings",
  },
  {
    "constraintsApplied": [],
    "edited": false,
    "end": "2026-04-06T12:00:00.000Z",
    "id": "p-tomato:water-seedlings:11",
    "plantId": "tomato",
    "plantingId": "p-tomato",
    "start": "2026-04-06T12:00:00.000Z",
    "type": "water-seedlings",
  },
  {
    "constraintsApplied": [],
    "edited": false,
    "end": "2026-04-09T12:00:00.000Z",
    "id": "p-tomato:water-seedlings:12",
    "plantId": "tomato",
    "plantingId": "p-tomato",
    "start": "2026-04-09T12:00:00.000Z",
    "type": "water-seedlings",
  },
  {
    "constraintsApplied": [],
    "edited": false,
    "end": "2026-04-12T12:00:00.000Z",
    "id": "p-tomato:water-seedlings:13",
    "plantId": "tomato",
    "plantingId": "p-tomato",
    "start": "2026-04-12T12:00:00.000Z",
    "type": "water-seedlings",
  },
  {
    "constraintsApplied": [],
    "edited": false,
    "end": "2026-04-15T12:00:00.000Z",
    "id": "p-tomato:water-seedlings:14",
    "plantId": "tomato",
    "plantingId": "p-tomato",
    "start": "2026-04-15T12:00:00.000Z",
    "type": "water-seedlings",
  },
  {
    "constraintsApplied": [],
    "edited": false,
    "end": "2026-04-18T12:00:00.000Z",
    "id": "p-tomato:water-seedlings:15",
    "plantId": "tomato",
    "plantingId": "p-tomato",
    "start": "2026-04-18T12:00:00.000Z",
    "type": "water-seedlings",
  },
  {
    "constraintsApplied": [],
    "edited": false,
    "end": "2026-04-21T12:00:00.000Z",
    "id": "p-tomato:water-seedlings:16",
    "plantId": "tomato",
    "plantingId": "p-tomato",
    "start": "2026-04-21T12:00:00.000Z",
    "type": "water-seedlings",
  },
  {
    "constraintsApplied": [],
    "edited": false,
    "end": "2026-04-28T12:00:00.000Z",
    "id": "p-tomato:harden-off",
    "plantId": "tomato",
    "plantingId": "p-tomato",
    "start": "2026-04-22T12:00:00.000Z",
    "type": "harden-off",
  },
  {
    "constraintsApplied": [],
    "edited": false,
    "end": "2026-04-22T12:00:00.000Z",
    "id": "p-tomato:harden-off-day:0",
    "plantId": "tomato",
    "plantingId": "p-tomato",
    "start": "2026-04-22T12:00:00.000Z",
    "type": "harden-off-day",
  },
  {
    "constraintsApplied": [],
    "edited": false,
    "end": "2026-04-23T12:00:00.000Z",
    "id": "p-tomato:harden-off-day:1",
    "plantId": "tomato",
    "plantingId": "p-tomato",
    "start": "2026-04-23T12:00:00.000Z",
    "type": "harden-off-day",
  },
  {
    "constraintsApplied": [],
    "edited": false,
    "end": "2026-04-24T12:00:00.000Z",
    "id": "p-tomato:harden-off-day:2",
    "plantId": "tomato",
    "plantingId": "p-tomato",
    "start": "2026-04-24T12:00:00.000Z",
    "type": "harden-off-day",
  },
  {
    "constraintsApplied": [],
    "edited": false,
    "end": "2026-04-24T12:00:00.000Z",
    "id": "p-tomato:water-seedlings:17",
    "plantId": "tomato",
    "plantingId": "p-tomato",
    "start": "2026-04-24T12:00:00.000Z",
    "type": "water-seedlings",
  },
  {
    "constraintsApplied": [],
    "edited": false,
    "end": "2026-04-25T12:00:00.000Z",
    "id": "p-tomato:harden-off-day:3",
    "plantId": "tomato",
    "plantingId": "p-tomato",
    "start": "2026-04-25T12:00:00.000Z",
    "type": "harden-off-day",
  },
  {
    "constraintsApplied": [],
    "edited": false,
    "end": "2026-04-26T12:00:00.000Z",
    "id": "p-tomato:harden-off-day:4",
    "plantId": "tomato",
    "plantingId": "p-tomato",
    "start": "2026-04-26T12:00:00.000Z",
    "type": "harden-off-day",
  },
  {
    "constraintsApplied": [],
    "edited": false,
    "end": "2026-04-27T12:00:00.000Z",
    "id": "p-tomato:harden-off-day:5",
    "plantId": "tomato",
    "plantingId": "p-tomato",
    "start": "2026-04-27T12:00:00.000Z",
    "type": "harden-off-day",
  },
  {
    "constraintsApplied": [],
    "edited": false,
    "end": "2026-04-27T12:00:00.000Z",
    "id": "p-tomato:water-seedlings:18",
    "plantId": "tomato",
    "plantingId": "p-tomato",
    "start": "2026-04-27T12:00:00.000Z",
    "type": "water-seedlings",
  },
  {
    "constraintsApplied": [],
    "edited": false,
    "end": "2026-04-28T12:00:00.000Z",
    "id": "p-tomato:harden-off-day:6",
    "plantId": "tomato",
    "plantingId": "p-tomato",
    "start": "2026-04-28T12:00:00.000Z",
    "type": "harden-off-day",
  },
  {
    "constraintsApplied": [],
    "edited": false,
    "end": "2026-04-29T12:00:00.000Z",
    "id": "p-tomato:transplant",
    "plantId": "tomato",
    "plantingId": "p-tomato",
    "start": "2026-04-29T12:00:00.000Z",
    "type": "transplant",
  },
  {
    "constraintsApplied": [],
    "edited": false,
    "end": "2026-06-05T12:00:00.000Z",
    "id": "p-tomato:fertilize-at-flowering",
    "plantId": "tomato",
    "plantingId": "p-tomato",
    "start": "2026-06-05T12:00:00.000Z",
    "type": "fertilize-at-flowering",
  },
  {
    "constraintsApplied": [],
    "edited": false,
    "end": "2026-09-11T12:00:00.000Z",
    "id": "p-tomato:harvest-window",
    "plantId": "tomato",
    "plantingId": "p-tomato",
    "start": "2026-07-13T12:00:00.000Z",
    "type": "harvest-window",
  },
]
`;

exports[`schedule engine — canonical plants (SCH-08, D-16) > broccoli (half-hardy, indoor-start, brassica) 1`] = `
[
  {
    "constraintsApplied": [],
    "edited": false,
    "end": "2026-03-21T12:00:00.000Z",
    "id": "p-broccoli:germination-window",
    "plantId": "broccoli",
    "plantingId": "p-broccoli",
    "start": "2026-03-11T12:00:00.000Z",
    "type": "germination-window",
  },
  {
    "constraintsApplied": [],
    "edited": false,
    "end": "2026-03-11T12:00:00.000Z",
    "id": "p-broccoli:indoor-start",
    "plantId": "broccoli",
    "plantingId": "p-broccoli",
    "start": "2026-03-11T12:00:00.000Z",
    "type": "indoor-start",
  },
  {
    "constraintsApplied": [],
    "edited": false,
    "end": "2026-03-11T12:00:00.000Z",
    "id": "p-broccoli:water-seedlings:0",
    "plantId": "broccoli",
    "plantingId": "p-broccoli",
    "start": "2026-03-11T12:00:00.000Z",
    "type": "water-seedlings",
  },
  {
    "constraintsApplied": [],
    "edited": false,
    "end": "2026-03-14T12:00:00.000Z",
    "id": "p-broccoli:water-seedlings:1",
    "plantId": "broccoli",
    "plantingId": "p-broccoli",
    "start": "2026-03-14T12:00:00.000Z",
    "type": "water-seedlings",
  },
  {
    "constraintsApplied": [],
    "edited": false,
    "end": "2026-03-17T12:00:00.000Z",
    "id": "p-broccoli:water-seedlings:2",
    "plantId": "broccoli",
    "plantingId": "p-broccoli",
    "start": "2026-03-17T12:00:00.000Z",
    "type": "water-seedlings",
  },
  {
    "constraintsApplied": [],
    "edited": false,
    "end": "2026-03-20T12:00:00.000Z",
    "id": "p-broccoli:water-seedlings:3",
    "plantId": "broccoli",
    "plantingId": "p-broccoli",
    "start": "2026-03-20T12:00:00.000Z",
    "type": "water-seedlings",
  },
  {
    "constraintsApplied": [],
    "edited": false,
    "end": "2026-03-23T12:00:00.000Z",
    "id": "p-broccoli:water-seedlings:4",
    "plantId": "broccoli",
    "plantingId": "p-broccoli",
    "start": "2026-03-23T12:00:00.000Z",
    "type": "water-seedlings",
  },
  {
    "constraintsApplied": [],
    "edited": false,
    "end": "2026-03-31T12:00:00.000Z",
    "id": "p-broccoli:harden-off",
    "plantId": "broccoli",
    "plantingId": "p-broccoli",
    "start": "2026-03-25T12:00:00.000Z",
    "type": "harden-off",
  },
  {
    "constraintsApplied": [],
    "edited": false,
    "end": "2026-03-25T12:00:00.000Z",
    "id": "p-broccoli:harden-off-day:0",
    "plantId": "broccoli",
    "plantingId": "p-broccoli",
    "start": "2026-03-25T12:00:00.000Z",
    "type": "harden-off-day",
  },
  {
    "constraintsApplied": [],
    "edited": false,
    "end": "2026-03-26T12:00:00.000Z",
    "id": "p-broccoli:harden-off-day:1",
    "plantId": "broccoli",
    "plantingId": "p-broccoli",
    "start": "2026-03-26T12:00:00.000Z",
    "type": "harden-off-day",
  },
  {
    "constraintsApplied": [],
    "edited": false,
    "end": "2026-03-26T12:00:00.000Z",
    "id": "p-broccoli:water-seedlings:5",
    "plantId": "broccoli",
    "plantingId": "p-broccoli",
    "start": "2026-03-26T12:00:00.000Z",
    "type": "water-seedlings",
  },
  {
    "constraintsApplied": [],
    "edited": false,
    "end": "2026-03-27T12:00:00.000Z",
    "id": "p-broccoli:harden-off-day:2",
    "plantId": "broccoli",
    "plantingId": "p-broccoli",
    "start": "2026-03-27T12:00:00.000Z",
    "type": "harden-off-day",
  },
  {
    "constraintsApplied": [],
    "edited": false,
    "end": "2026-03-28T12:00:00.000Z",
    "id": "p-broccoli:harden-off-day:3",
    "plantId": "broccoli",
    "plantingId": "p-broccoli",
    "start": "2026-03-28T12:00:00.000Z",
    "type": "harden-off-day",
  },
  {
    "constraintsApplied": [],
    "edited": false,
    "end": "2026-03-29T12:00:00.000Z",
    "id": "p-broccoli:harden-off-day:4",
    "plantId": "broccoli",
    "plantingId": "p-broccoli",
    "start": "2026-03-29T12:00:00.000Z",
    "type": "harden-off-day",
  },
  {
    "constraintsApplied": [],
    "edited": false,
    "end": "2026-03-29T12:00:00.000Z",
    "id": "p-broccoli:water-seedlings:6",
    "plantId": "broccoli",
    "plantingId": "p-broccoli",
    "start": "2026-03-29T12:00:00.000Z",
    "type": "water-seedlings",
  },
  {
    "constraintsApplied": [],
    "edited": false,
    "end": "2026-03-30T12:00:00.000Z",
    "id": "p-broccoli:harden-off-day:5",
    "plantId": "broccoli",
    "plantingId": "p-broccoli",
    "start": "2026-03-30T12:00:00.000Z",
    "type": "harden-off-day",
  },
  {
    "constraintsApplied": [],
    "edited": false,
    "end": "2026-03-31T12:00:00.000Z",
    "id": "p-broccoli:harden-off-day:6",
    "plantId": "broccoli",
    "plantingId": "p-broccoli",
    "start": "2026-03-31T12:00:00.000Z",
    "type": "harden-off-day",
  },
  {
    "constraintsApplied": [],
    "edited": false,
    "end": "2026-04-01T12:00:00.000Z",
    "id": "p-broccoli:transplant",
    "plantId": "broccoli",
    "plantingId": "p-broccoli",
    "start": "2026-04-01T12:00:00.000Z",
    "type": "transplant",
  },
  {
    "constraintsApplied": [],
    "edited": false,
    "end": "2026-06-21T12:00:00.000Z",
    "id": "p-broccoli:harvest-window",
    "plantId": "broccoli",
    "plantingId": "p-broccoli",
    "start": "2026-05-31T12:00:00.000Z",
    "type": "harvest-window",
  },
]
`;

exports[`schedule engine — canonical plants (SCH-08, D-16) > garlic (cold-hardy, direct-sow, allium / year-rollover) 1`] = `
[
  {
    "constraintsApplied": [],
    "edited": false,
    "end": "2026-10-15T12:00:00.000Z",
    "id": "p-garlic:direct-sow",
    "plantId": "garlic",
    "plantingId": "p-garlic",
    "start": "2026-10-15T12:00:00.000Z",
    "type": "direct-sow",
  },
  {
    "constraintsApplied": [],
    "edited": false,
    "end": "2026-10-25T12:00:00.000Z",
    "id": "p-garlic:germination-window",
    "plantId": "garlic",
    "plantingId": "p-garlic",
    "start": "2026-10-15T12:00:00.000Z",
    "type": "germination-window",
  },
  {
    "constraintsApplied": [],
    "edited": false,
    "end": "2027-08-02T12:00:00.000Z",
    "id": "p-garlic:harvest-window",
    "plantId": "garlic",
    "plantingId": "p-garlic",
    "start": "2027-07-12T12:00:00.000Z",
    "type": "harvest-window",
  },
]
`;

exports[`schedule engine — canonical plants (SCH-08, D-16) > lettuce (cold-hardy, direct-sow, leafy) 1`] = `
[
  {
    "constraintsApplied": [],
    "edited": false,
    "end": "2026-03-18T12:00:00.000Z",
    "id": "p-lettuce:direct-sow",
    "plantId": "lettuce",
    "plantingId": "p-lettuce",
    "start": "2026-03-18T12:00:00.000Z",
    "type": "direct-sow",
  },
  {
    "constraintsApplied": [],
    "edited": false,
    "end": "2026-04-01T12:00:00.000Z",
    "id": "p-lettuce:germination-window",
    "plantId": "lettuce",
    "plantingId": "p-lettuce",
    "start": "2026-03-18T12:00:00.000Z",
    "type": "germination-window",
  },
  {
    "constraintsApplied": [],
    "edited": false,
    "end": "2026-06-06T12:00:00.000Z",
    "id": "p-lettuce:harvest-window",
    "plantId": "lettuce",
    "plantingId": "p-lettuce",
    "start": "2026-05-07T12:00:00.000Z",
    "type": "harvest-window",
  },
]
`;

exports[`schedule engine — canonical plants (SCH-08, D-16) > tomato (frost-tender, indoor-start, fruiting) 1`] = `
[
  {
    "constraintsApplied": [],
    "edited": false,
    "end": "2026-03-14T12:00:00.000Z",
    "id": "p-tomato:germination-window",
    "plantId": "tomato",
    "plantingId": "p-tomato",
    "start": "2026-03-04T12:00:00.000Z",
    "type": "germination-window",
  },
  {
    "constraintsApplied": [],
    "edited": false,
    "end": "2026-03-04T12:00:00.000Z",
    "id": "p-tomato:indoor-start",
    "plantId": "tomato",
    "plantingId": "p-tomato",
    "start": "2026-03-04T12:00:00.000Z",
    "type": "indoor-start",
  },
  {
    "constraintsApplied": [],
    "edited": false,
    "end": "2026-03-04T12:00:00.000Z",
    "id": "p-tomato:water-seedlings:0",
    "plantId": "tomato",
    "plantingId": "p-tomato",
    "start": "2026-03-04T12:00:00.000Z",
    "type": "water-seedlings",
  },
  {
    "constraintsApplied": [],
    "edited": false,
    "end": "2026-03-07T12:00:00.000Z",
    "id": "p-tomato:water-seedlings:1",
    "plantId": "tomato",
    "plantingId": "p-tomato",
    "start": "2026-03-07T12:00:00.000Z",
    "type": "water-seedlings",
  },
  {
    "constraintsApplied": [],
    "edited": false,
    "end": "2026-03-10T12:00:00.000Z",
    "id": "p-tomato:water-seedlings:2",
    "plantId": "tomato",
    "plantingId": "p-tomato",
    "start": "2026-03-10T12:00:00.000Z",
    "type": "water-seedlings",
  },
  {
    "constraintsApplied": [],
    "edited": false,
    "end": "2026-03-13T12:00:00.000Z",
    "id": "p-tomato:water-seedlings:3",
    "plantId": "tomato",
    "plantingId": "p-tomato",
    "start": "2026-03-13T12:00:00.000Z",
    "type": "water-seedlings",
  },
  {
    "constraintsApplied": [],
    "edited": false,
    "end": "2026-03-16T12:00:00.000Z",
    "id": "p-tomato:water-seedlings:4",
    "plantId": "tomato",
    "plantingId": "p-tomato",
    "start": "2026-03-16T12:00:00.000Z",
    "type": "water-seedlings",
  },
  {
    "constraintsApplied": [],
    "edited": false,
    "end": "2026-03-19T12:00:00.000Z",
    "id": "p-tomato:water-seedlings:5",
    "plantId": "tomato",
    "plantingId": "p-tomato",
    "start": "2026-03-19T12:00:00.000Z",
    "type": "water-seedlings",
  },
  {
    "constraintsApplied": [],
    "edited": false,
    "end": "2026-03-22T12:00:00.000Z",
    "id": "p-tomato:water-seedlings:6",
    "plantId": "tomato",
    "plantingId": "p-tomato",
    "start": "2026-03-22T12:00:00.000Z",
    "type": "water-seedlings",
  },
  {
    "constraintsApplied": [],
    "edited": false,
    "end": "2026-03-25T12:00:00.000Z",
    "id": "p-tomato:water-seedlings:7",
    "plantId": "tomato",
    "plantingId": "p-tomato",
    "start": "2026-03-25T12:00:00.000Z",
    "type": "water-seedlings",
  },
  {
    "constraintsApplied": [],
    "edited": false,
    "end": "2026-03-28T12:00:00.000Z",
    "id": "p-tomato:water-seedlings:8",
    "plantId": "tomato",
    "plantingId": "p-tomato",
    "start": "2026-03-28T12:00:00.000Z",
    "type": "water-seedlings",
  },
  {
    "constraintsApplied": [],
    "edited": false,
    "end": "2026-03-31T12:00:00.000Z",
    "id": "p-tomato:water-seedlings:9",
    "plantId": "tomato",
    "plantingId": "p-tomato",
    "start": "2026-03-31T12:00:00.000Z",
    "type": "water-seedlings",
  },
  {
    "constraintsApplied": [],
    "edited": false,
    "end": "2026-04-03T12:00:00.000Z",
    "id": "p-tomato:water-seedlings:10",
    "plantId": "tomato",
    "plantingId": "p-tomato",
    "start": "2026-04-03T12:00:00.000Z",
    "type": "water-seedlings",
  },
  {
    "constraintsApplied": [],
    "edited": false,
    "end": "2026-04-06T12:00:00.000Z",
    "id": "p-tomato:water-seedlings:11",
    "plantId": "tomato",
    "plantingId": "p-tomato",
    "start": "2026-04-06T12:00:00.000Z",
    "type": "water-seedlings",
  },
  {
    "constraintsApplied": [],
    "edited": false,
    "end": "2026-04-09T12:00:00.000Z",
    "id": "p-tomato:water-seedlings:12",
    "plantId": "tomato",
    "plantingId": "p-tomato",
    "start": "2026-04-09T12:00:00.000Z",
    "type": "water-seedlings",
  },
  {
    "constraintsApplied": [],
    "edited": false,
    "end": "2026-04-12T12:00:00.000Z",
    "id": "p-tomato:water-seedlings:13",
    "plantId": "tomato",
    "plantingId": "p-tomato",
    "start": "2026-04-12T12:00:00.000Z",
    "type": "water-seedlings",
  },
  {
    "constraintsApplied": [],
    "edited": false,
    "end": "2026-04-15T12:00:00.000Z",
    "id": "p-tomato:water-seedlings:14",
    "plantId": "tomato",
    "plantingId": "p-tomato",
    "start": "2026-04-15T12:00:00.000Z",
    "type": "water-seedlings",
  },
  {
    "constraintsApplied": [],
    "edited": false,
    "end": "2026-04-18T12:00:00.000Z",
    "id": "p-tomato:water-seedlings:15",
    "plantId": "tomato",
    "plantingId": "p-tomato",
    "start": "2026-04-18T12:00:00.000Z",
    "type": "water-seedlings",
  },
  {
    "constraintsApplied": [],
    "edited": false,
    "end": "2026-04-21T12:00:00.000Z",
    "id": "p-tomato:water-seedlings:16",
    "plantId": "tomato",
    "plantingId": "p-tomato",
    "start": "2026-04-21T12:00:00.000Z",
    "type": "water-seedlings",
  },
  {
    "constraintsApplied": [],
    "edited": false,
    "end": "2026-04-28T12:00:00.000Z",
    "id": "p-tomato:harden-off",
    "plantId": "tomato",
    "plantingId": "p-tomato",
    "start": "2026-04-22T12:00:00.000Z",
    "type": "harden-off",
  },
  {
    "constraintsApplied": [],
    "edited": false,
    "end": "2026-04-22T12:00:00.000Z",
    "id": "p-tomato:harden-off-day:0",
    "plantId": "tomato",
    "plantingId": "p-tomato",
    "start": "2026-04-22T12:00:00.000Z",
    "type": "harden-off-day",
  },
  {
    "constraintsApplied": [],
    "edited": false,
    "end": "2026-04-23T12:00:00.000Z",
    "id": "p-tomato:harden-off-day:1",
    "plantId": "tomato",
    "plantingId": "p-tomato",
    "start": "2026-04-23T12:00:00.000Z",
    "type": "harden-off-day",
  },
  {
    "constraintsApplied": [],
    "edited": false,
    "end": "2026-04-24T12:00:00.000Z",
    "id": "p-tomato:harden-off-day:2",
    "plantId": "tomato",
    "plantingId": "p-tomato",
    "start": "2026-04-24T12:00:00.000Z",
    "type": "harden-off-day",
  },
  {
    "constraintsApplied": [],
    "edited": false,
    "end": "2026-04-24T12:00:00.000Z",
    "id": "p-tomato:water-seedlings:17",
    "plantId": "tomato",
    "plantingId": "p-tomato",
    "start": "2026-04-24T12:00:00.000Z",
    "type": "water-seedlings",
  },
  {
    "constraintsApplied": [],
    "edited": false,
    "end": "2026-04-25T12:00:00.000Z",
    "id": "p-tomato:harden-off-day:3",
    "plantId": "tomato",
    "plantingId": "p-tomato",
    "start": "2026-04-25T12:00:00.000Z",
    "type": "harden-off-day",
  },
  {
    "constraintsApplied": [],
    "edited": false,
    "end": "2026-04-26T12:00:00.000Z",
    "id": "p-tomato:harden-off-day:4",
    "plantId": "tomato",
    "plantingId": "p-tomato",
    "start": "2026-04-26T12:00:00.000Z",
    "type": "harden-off-day",
  },
  {
    "constraintsApplied": [],
    "edited": false,
    "end": "2026-04-27T12:00:00.000Z",
    "id": "p-tomato:harden-off-day:5",
    "plantId": "tomato",
    "plantingId": "p-tomato",
    "start": "2026-04-27T12:00:00.000Z",
    "type": "harden-off-day",
  },
  {
    "constraintsApplied": [],
    "edited": false,
    "end": "2026-04-27T12:00:00.000Z",
    "id": "p-tomato:water-seedlings:18",
    "plantId": "tomato",
    "plantingId": "p-tomato",
    "start": "2026-04-27T12:00:00.000Z",
    "type": "water-seedlings",
  },
  {
    "constraintsApplied": [],
    "edited": false,
    "end": "2026-04-28T12:00:00.000Z",
    "id": "p-tomato:harden-off-day:6",
    "plantId": "tomato",
    "plantingId": "p-tomato",
    "start": "2026-04-28T12:00:00.000Z",
    "type": "harden-off-day",
  },
  {
    "constraintsApplied": [],
    "edited": false,
    "end": "2026-04-29T12:00:00.000Z",
    "id": "p-tomato:transplant",
    "plantId": "tomato",
    "plantingId": "p-tomato",
    "start": "2026-04-29T12:00:00.000Z",
    "type": "transplant",
  },
  {
    "constraintsApplied": [],
    "edited": false,
    "end": "2026-06-05T12:00:00.000Z",
    "id": "p-tomato:fertilize-at-flowering",
    "plantId": "tomato",
    "plantingId": "p-tomato",
    "start": "2026-06-05T12:00:00.000Z",
    "type": "fertilize-at-flowering",
  },
  {
    "constraintsApplied": [],
    "edited": false,
    "end": "2026-09-11T12:00:00.000Z",
    "id": "p-tomato:harvest-window",
    "plantId": "tomato",
    "plantingId": "p-tomato",
    "start": "2026-07-13T12:00:00.000Z",
    "type": "harvest-window",
  },
]
`;

exports[`schedule engine — leap-year fixture (SCH-08, D-17) > tomato with lastFrost 2024-03-15: indoor-start phase straddles Feb 29 2024 1`] = `
[
  {
    "constraintsApplied": [],
    "edited": false,
    "end": "2024-02-12T12:00:00.000Z",
    "id": "p-tomato:germination-window",
    "plantId": "tomato",
    "plantingId": "p-tomato",
    "start": "2024-02-02T12:00:00.000Z",
    "type": "germination-window",
  },
  {
    "constraintsApplied": [],
    "edited": false,
    "end": "2024-02-02T12:00:00.000Z",
    "id": "p-tomato:indoor-start",
    "plantId": "tomato",
    "plantingId": "p-tomato",
    "start": "2024-02-02T12:00:00.000Z",
    "type": "indoor-start",
  },
  {
    "constraintsApplied": [],
    "edited": false,
    "end": "2024-02-02T12:00:00.000Z",
    "id": "p-tomato:water-seedlings:0",
    "plantId": "tomato",
    "plantingId": "p-tomato",
    "start": "2024-02-02T12:00:00.000Z",
    "type": "water-seedlings",
  },
  {
    "constraintsApplied": [],
    "edited": false,
    "end": "2024-02-05T12:00:00.000Z",
    "id": "p-tomato:water-seedlings:1",
    "plantId": "tomato",
    "plantingId": "p-tomato",
    "start": "2024-02-05T12:00:00.000Z",
    "type": "water-seedlings",
  },
  {
    "constraintsApplied": [],
    "edited": false,
    "end": "2024-02-08T12:00:00.000Z",
    "id": "p-tomato:water-seedlings:2",
    "plantId": "tomato",
    "plantingId": "p-tomato",
    "start": "2024-02-08T12:00:00.000Z",
    "type": "water-seedlings",
  },
  {
    "constraintsApplied": [],
    "edited": false,
    "end": "2024-02-11T12:00:00.000Z",
    "id": "p-tomato:water-seedlings:3",
    "plantId": "tomato",
    "plantingId": "p-tomato",
    "start": "2024-02-11T12:00:00.000Z",
    "type": "water-seedlings",
  },
  {
    "constraintsApplied": [],
    "edited": false,
    "end": "2024-02-14T12:00:00.000Z",
    "id": "p-tomato:water-seedlings:4",
    "plantId": "tomato",
    "plantingId": "p-tomato",
    "start": "2024-02-14T12:00:00.000Z",
    "type": "water-seedlings",
  },
  {
    "constraintsApplied": [],
    "edited": false,
    "end": "2024-02-17T12:00:00.000Z",
    "id": "p-tomato:water-seedlings:5",
    "plantId": "tomato",
    "plantingId": "p-tomato",
    "start": "2024-02-17T12:00:00.000Z",
    "type": "water-seedlings",
  },
  {
    "constraintsApplied": [],
    "edited": false,
    "end": "2024-02-20T12:00:00.000Z",
    "id": "p-tomato:water-seedlings:6",
    "plantId": "tomato",
    "plantingId": "p-tomato",
    "start": "2024-02-20T12:00:00.000Z",
    "type": "water-seedlings",
  },
  {
    "constraintsApplied": [],
    "edited": false,
    "end": "2024-02-23T12:00:00.000Z",
    "id": "p-tomato:water-seedlings:7",
    "plantId": "tomato",
    "plantingId": "p-tomato",
    "start": "2024-02-23T12:00:00.000Z",
    "type": "water-seedlings",
  },
  {
    "constraintsApplied": [],
    "edited": false,
    "end": "2024-02-26T12:00:00.000Z",
    "id": "p-tomato:water-seedlings:8",
    "plantId": "tomato",
    "plantingId": "p-tomato",
    "start": "2024-02-26T12:00:00.000Z",
    "type": "water-seedlings",
  },
  {
    "constraintsApplied": [],
    "edited": false,
    "end": "2024-02-29T12:00:00.000Z",
    "id": "p-tomato:water-seedlings:9",
    "plantId": "tomato",
    "plantingId": "p-tomato",
    "start": "2024-02-29T12:00:00.000Z",
    "type": "water-seedlings",
  },
  {
    "constraintsApplied": [],
    "edited": false,
    "end": "2024-03-03T12:00:00.000Z",
    "id": "p-tomato:water-seedlings:10",
    "plantId": "tomato",
    "plantingId": "p-tomato",
    "start": "2024-03-03T12:00:00.000Z",
    "type": "water-seedlings",
  },
  {
    "constraintsApplied": [],
    "edited": false,
    "end": "2024-03-06T12:00:00.000Z",
    "id": "p-tomato:water-seedlings:11",
    "plantId": "tomato",
    "plantingId": "p-tomato",
    "start": "2024-03-06T12:00:00.000Z",
    "type": "water-seedlings",
  },
  {
    "constraintsApplied": [],
    "edited": false,
    "end": "2024-03-09T12:00:00.000Z",
    "id": "p-tomato:water-seedlings:12",
    "plantId": "tomato",
    "plantingId": "p-tomato",
    "start": "2024-03-09T12:00:00.000Z",
    "type": "water-seedlings",
  },
  {
    "constraintsApplied": [],
    "edited": false,
    "end": "2024-03-12T12:00:00.000Z",
    "id": "p-tomato:water-seedlings:13",
    "plantId": "tomato",
    "plantingId": "p-tomato",
    "start": "2024-03-12T12:00:00.000Z",
    "type": "water-seedlings",
  },
  {
    "constraintsApplied": [],
    "edited": false,
    "end": "2024-03-15T12:00:00.000Z",
    "id": "p-tomato:water-seedlings:14",
    "plantId": "tomato",
    "plantingId": "p-tomato",
    "start": "2024-03-15T12:00:00.000Z",
    "type": "water-seedlings",
  },
  {
    "constraintsApplied": [],
    "edited": false,
    "end": "2024-03-18T12:00:00.000Z",
    "id": "p-tomato:water-seedlings:15",
    "plantId": "tomato",
    "plantingId": "p-tomato",
    "start": "2024-03-18T12:00:00.000Z",
    "type": "water-seedlings",
  },
  {
    "constraintsApplied": [],
    "edited": false,
    "end": "2024-03-21T12:00:00.000Z",
    "id": "p-tomato:water-seedlings:16",
    "plantId": "tomato",
    "plantingId": "p-tomato",
    "start": "2024-03-21T12:00:00.000Z",
    "type": "water-seedlings",
  },
  {
    "constraintsApplied": [],
    "edited": false,
    "end": "2024-03-28T12:00:00.000Z",
    "id": "p-tomato:harden-off",
    "plantId": "tomato",
    "plantingId": "p-tomato",
    "start": "2024-03-22T12:00:00.000Z",
    "type": "harden-off",
  },
  {
    "constraintsApplied": [],
    "edited": false,
    "end": "2024-03-22T12:00:00.000Z",
    "id": "p-tomato:harden-off-day:0",
    "plantId": "tomato",
    "plantingId": "p-tomato",
    "start": "2024-03-22T12:00:00.000Z",
    "type": "harden-off-day",
  },
  {
    "constraintsApplied": [],
    "edited": false,
    "end": "2024-03-23T12:00:00.000Z",
    "id": "p-tomato:harden-off-day:1",
    "plantId": "tomato",
    "plantingId": "p-tomato",
    "start": "2024-03-23T12:00:00.000Z",
    "type": "harden-off-day",
  },
  {
    "constraintsApplied": [],
    "edited": false,
    "end": "2024-03-24T12:00:00.000Z",
    "id": "p-tomato:harden-off-day:2",
    "plantId": "tomato",
    "plantingId": "p-tomato",
    "start": "2024-03-24T12:00:00.000Z",
    "type": "harden-off-day",
  },
  {
    "constraintsApplied": [],
    "edited": false,
    "end": "2024-03-24T12:00:00.000Z",
    "id": "p-tomato:water-seedlings:17",
    "plantId": "tomato",
    "plantingId": "p-tomato",
    "start": "2024-03-24T12:00:00.000Z",
    "type": "water-seedlings",
  },
  {
    "constraintsApplied": [],
    "edited": false,
    "end": "2024-03-25T12:00:00.000Z",
    "id": "p-tomato:harden-off-day:3",
    "plantId": "tomato",
    "plantingId": "p-tomato",
    "start": "2024-03-25T12:00:00.000Z",
    "type": "harden-off-day",
  },
  {
    "constraintsApplied": [],
    "edited": false,
    "end": "2024-03-26T12:00:00.000Z",
    "id": "p-tomato:harden-off-day:4",
    "plantId": "tomato",
    "plantingId": "p-tomato",
    "start": "2024-03-26T12:00:00.000Z",
    "type": "harden-off-day",
  },
  {
    "constraintsApplied": [],
    "edited": false,
    "end": "2024-03-27T12:00:00.000Z",
    "id": "p-tomato:harden-off-day:5",
    "plantId": "tomato",
    "plantingId": "p-tomato",
    "start": "2024-03-27T12:00:00.000Z",
    "type": "harden-off-day",
  },
  {
    "constraintsApplied": [],
    "edited": false,
    "end": "2024-03-27T12:00:00.000Z",
    "id": "p-tomato:water-seedlings:18",
    "plantId": "tomato",
    "plantingId": "p-tomato",
    "start": "2024-03-27T12:00:00.000Z",
    "type": "water-seedlings",
  },
  {
    "constraintsApplied": [],
    "edited": false,
    "end": "2024-03-28T12:00:00.000Z",
    "id": "p-tomato:harden-off-day:6",
    "plantId": "tomato",
    "plantingId": "p-tomato",
    "start": "2024-03-28T12:00:00.000Z",
    "type": "harden-off-day",
  },
  {
    "constraintsApplied": [],
    "edited": false,
    "end": "2024-03-29T12:00:00.000Z",
    "id": "p-tomato:transplant",
    "plantId": "tomato",
    "plantingId": "p-tomato",
    "start": "2024-03-29T12:00:00.000Z",
    "type": "transplant",
  },
  {
    "constraintsApplied": [],
    "edited": false,
    "end": "2024-05-05T12:00:00.000Z",
    "id": "p-tomato:fertilize-at-flowering",
    "plantId": "tomato",
    "plantingId": "p-tomato",
    "start": "2024-05-05T12:00:00.000Z",
    "type": "fertilize-at-flowering",
  },
  {
    "constraintsApplied": [],
    "edited": false,
    "end": "2024-08-11T12:00:00.000Z",
    "id": "p-tomato:harvest-window",
    "plantId": "tomato",
    "plantingId": "p-tomato",
    "start": "2024-06-12T12:00:00.000Z",
    "type": "harvest-window",
  },
]
`;

exports[`schedule engine — year-rollover fixture (SCH-05, D-17) > garlic planted Oct 2026 harvests in Jul 2027 1`] = `
[
  {
    "constraintsApplied": [],
    "edited": false,
    "end": "2026-10-15T12:00:00.000Z",
    "id": "p-garlic:direct-sow",
    "plantId": "garlic",
    "plantingId": "p-garlic",
    "start": "2026-10-15T12:00:00.000Z",
    "type": "direct-sow",
  },
  {
    "constraintsApplied": [],
    "edited": false,
    "end": "2026-10-25T12:00:00.000Z",
    "id": "p-garlic:germination-window",
    "plantId": "garlic",
    "plantingId": "p-garlic",
    "start": "2026-10-15T12:00:00.000Z",
    "type": "germination-window",
  },
  {
    "constraintsApplied": [],
    "edited": false,
    "end": "2027-08-02T12:00:00.000Z",
    "id": "p-garlic:harvest-window",
    "plantId": "garlic",
    "plantingId": "p-garlic",
    "start": "2027-07-12T12:00:00.000Z",
    "type": "harvest-window",
  },
]
`;
